;0;0;4;Challengers;1;10;0;1;0;2;2;5;ChallengerID;3;3;0;0100000000000000;EncounterDeck;4;4;1;m_Guid;5;5;0;36;abc12345-1234-5678-9012-abcdef000001ChallengerName;6;6;0;7;BossOneIsBoss;7;6;0;4;TrueEquipment;8;7;0;0;Success;9;1;0;1Error;10;8;1;value__;11;9;0;00000000;ErrorMessage;12;6;0;0;Game.Client.Network.Campaign.GetMasterListOfChallengersResponse;System.Boolean;Reckoning.Campaign.Messages.Arena.ArenaChallenger;System.UInt64;Game.Shared.ResourceId;System.Guid;System.String;System.Collections.Generic.List`1#Game.Shared.ResourceId;Game.Shared.Network.Campaign.EGetMasterListOfChallengersError;System.Int32;System.Collections.Generic.List`1#Reckoning.Campaign.Messages.Arena.ArenaChallenger
285;0;183;36;72;52;30;19;204;15;37;24;22