;0;0;1;Cards;1;1;0;1;0;2;2;6;Id;3;3;0;8813000000000000;TemplateID;4;4;1;guid;5;5;0;36;abc12345-1234-5678-9012-abcdef000001IsFoil;6;6;0;0IsExtended;7;6;0;0IsNotTradeable;8;6;0;0EscrowStatus;9;7;0;5;CleanTest.Cards;System.Collections.Generic.List`1#Game.Shared.Domain.card_instance_bits;Game.Shared.Domain.card_instance_bits;System.UInt64;Game.Shared.ResourceId;System.Guid;System.Boolean;System.String
202;195;181;26;67;50;14;18;22;26